╭──────────────────────────────────────────────────────────────╮
│               Update available! 1.2.2 » 1.2.3                │
│ After updating the Atmos version in your aqua configuration: │
│                      Run: aqua install                       │
│            More info: https://atmos.tools/install            │
╰──────────────────────────────────────────────────────────────╯
