
**Notice:** Telemetry Enabled - Atmos now collects anonymous telemetry regarding usage. This information is used to shape the Atmos roadmap and prioritize features. You can learn more, including how to opt out if you'd prefer not to participate in this anonymous program, by visiting: https://atmos.tools/cli/telemetry

# Error

**Error:** ATMOS_SHLVL exceeds maximum allowed depth. Infinite recursion?
current=11, max=10



# Error

**Error:** subcommand exited with code 1



# Error

**Error:** subcommand exited with code 1



# Error

**Error:** subcommand exited with code 1



# Error

**Error:** subcommand exited with code 1



# Error

**Error:** subcommand exited with code 1



# Error

**Error:** subcommand exited with code 1



# Error

**Error:** subcommand exited with code 1



# Error

**Error:** subcommand exited with code 1



# Error

**Error:** subcommand exited with code 1



# Error

**Error:** subcommand exited with code 1


