**Notice:** Telemetry Enabled - Atmos now collects anonymous telemetry regarding usage. This information is used to shape the Atmos roadmap and prioritize features. You can learn more, including how to opt out if you'd prefer not to participate in this anonymous program, by visiting: https://atmos.tools/cli/telemetry
# Error

**Error:** invalid workflow manifest

## Explanation

The workflow manifest stacks/workflows/test-invalid.yaml must be a map with the
top-level workflows: key

## Hints

💡 Add a top-level 'workflows:' key to the manifest file
