base_path: ./
components:
  terraform:
    base_path: components/terraform
    apply_auto_approve: true
    append_user_agent: Atmos/test (Cloud Posse; +https://atmos.tools)
    deploy_run_init: true
    init_run_reconfigure: true
    auto_generate_backend_file: false
    auto_generate_files: false
    command: ""
    shell:
      prompt: ""
    init:
      pass_vars: false
    plan:
      skip_planfile: false
    plugin_cache: true
  helmfile:
    base_path: ""
    use_eks: true
    kubeconfig_path: ""
    helm_aws_profile_pattern: ""
    cluster_name_pattern: ""
    command: ""
    auto_generate_files: false
  packer:
    base_path: ""
    command: ""
    auto_generate_files: false
stacks:
  base_path: stacks
  included_paths:
    - deploy/**/*
  excluded_paths:
    - '**/_defaults.yaml'
  name_pattern: '{dev}'
  name_template: ""
logs:
  file: /dev/stderr
  level: Debug
commands:
  - name: test
    description: Run all tests
    env: []
    arguments: []
    flags: []
    component_config:
      component: ""
      stack: ""
    steps:
      - command: atmos describe config
        type: shell
    commands: []
    verbose: false
settings:
  list_merge_strategy: ""
  terminal:
    max_width: 0
    pager: less
    unicode: false
    syntax_highlighting:
      enabled: false
      lexer: ""
      formatter: ""
      theme: ""
      line_numbers: false
      wrap: false
    color: true
    no_color: false
  experimental: warn
  inject_github_token: true
  inject_bitbucket_token: true
  inject_gitlab_token: true
  pro:
    base_url: https://atmos-pro.com
    endpoint: api/v1
  telemetry:
    enabled: true
    endpoint: https://us.i.posthog.com
    token: phc_TEST_TOKEN_PLACEHOLDER
    logging: false
vendor:
  base_path: ./vendor.yaml
initialized: true
basePathAbsolute: /absolute/path/to/repo
stacksBaseAbsolutePath: /absolute/path/to/repo/tests/fixtures/scenarios/atmos-cli-imports/stacks
includeStackAbsolutePaths:
  - /absolute/path/to/repo/tests/fixtures/scenarios/atmos-cli-imports/stacks/deploy/**/*
excludeStackAbsolutePaths:
  - /absolute/path/to/repo/tests/fixtures/scenarios/atmos-cli-imports/stacks/**/_defaults.yaml
terraformDirAbsolutePath: /absolute/path/to/repo/tests/fixtures/scenarios/atmos-cli-imports/components/terraform
helmfileDirAbsolutePath: /absolute/path/to/repo/tests/fixtures/scenarios/atmos-cli-imports
packerDirAbsolutePath: /absolute/path/to/repo/tests/fixtures/scenarios/atmos-cli-imports
default: false
cli_config_path: /absolute/path/to/repo/tests/fixtures/scenarios/atmos-cli-imports
import:
  - configs.d/**/*
  - ./logs.yaml
docs:
  max-width: 0
  pagination: false
  generate:
    readme:
      output: ./README.md

