

Atmos is a universal tool for DevOps and cloud automation used for provisioning, managing and orchestrating workflows across various toolchains                                                                                                                                                                                                                                                                                                                                                                                                                                                                                                                                                                                                                                                                                                                                                                                                                                                                                         

Usage:

  atmos [flags]
  atmos [sub-command] [flags]


Available Commands:

  about                          Learn about Atmos
  atlantis                       Generate and manage Atlantis configurations
  auth                           Authenticate with cloud providers and identity services.
  aws                            Run AWS-specific commands for interacting with cloud resources
  completion                     Generate autocompletion scripts for Bash, Zsh, Fish, and PowerShell
  describe                       Show details about Atmos configurations and components
  docs                           Open Atmos documentation or display component-specific docs
  helmfile                       Manage Helmfile-based Kubernetes deployments
  help                           Display help information for Atmos commands
  list                           List available stacks and components
  packer                         Manage packer-based machine images for multiple platforms
  pro                            Access premium features integrated with atmos-pro.com
  support                        Show Atmos support options
  terraform                      Execute Terraform commands (e.g., plan, apply, destroy) using Atmos stack configurations
  theme                          Manage terminal themes for Atmos CLI
  toolchain                      Toolchain CLI
  validate                       Validate configurations against OPA policies and JSON schemas
  vendor                         Manage external dependencies for components or stacks
  version                        Display the version of Atmos you are running and check for updates
  workflow                       Run predefined tasks using workflows

Subcommand Aliases:

  hf                             Alias of "atmos helmfile" command
  pk                             Alias of "atmos packer" command
  tf                             Alias of "atmos terraform" command


Flags:

        --base-path string           Base path for Atmos project

    -C, --chdir string               Change working directory before executing
                                     the command (run as if Atmos started in
                                     this directory)

        --config stringSlice         Paths to configuration files
                                     (comma-separated or repeated flag) (default
                                     [])

        --config-path stringSlice    Paths to search for Atmos configuration
                                     (comma-separated or repeated flag) (default
                                     [])

        --force-color                Force color output even when not a TTY
                                     (useful for screenshots) (default false)

        --force-tty                  Force TTY mode with sane defaults when
                                     terminal detection fails (useful for
                                     screenshots) (default false)

        --heatmap                    Show performance heatmap visualization
                                     after command execution (includes P95
                                     latency) (default false)

        --heatmap-mode string        Heatmap visualization mode: bar, sparkline,
                                     table (press 1-3 to switch in TUI) (default
                                     bar)

    -h, --help                       help for atmos

        --identity string            Identity to use for authentication. Use
                                     --identity to select interactively,
                                     --identity=NAME to specify

        --logs-file string           The file to write Atmos logs to. Logs can
                                     be written to any file or any standard file
                                     descriptor, including '/dev/stdout',
                                     '/dev/stderr' and '/dev/null' (default
                                     /dev/stderr)

        --logs-level string          Logs level. Supported log levels are Trace,
                                     Debug, Info, Warning, Off. If the log level
                                     is set to Off, Atmos will not log any
                                     messages (default Warning)

        --mask                       Enable automatic masking of sensitive data
                                     in output (use --mask=false to disable)
                                     (default true)

        --no-color                   Disable color output (default false)

        --pager string               Enable pager for output (--pager or
                                     --pager=true to enable, --pager=false to
                                     disable, --pager=less to use specific
                                     pager)

        --profile-file string        Write profiling data to file instead of
                                     starting server

        --profile-type string        Type of profile to collect when using
                                     --profile-file. Options: cpu, heap, allocs,
                                     goroutine, block, mutex, threadcreate,
                                     trace (default cpu)

        --profiler-enabled           Enable pprof profiling server (default
                                     false)

        --profiler-host string       Host for pprof profiling server (default
                                     localhost)

        --profiler-port int          Port for pprof profiling server (default
                                     6060)

        --redirect-stderr string     File descriptor to redirect stderr to.
                                     Errors can be redirected to any file or any
                                     standard file descriptor (including
                                     '/dev/null')

        --version                    Display the Atmos CLI version


Use atmos [subcommand] --help for more information about a command.                                                                                                                                                                                                                                                                                                                                                                                                                                                                                                                                                                                                                                                                                                                                                                                                                                                                                                                                                                     



