DEBU Set logs-level=debug logs-file=/dev/stderr
DEBU atmos merged config path=/absolute/path/to/repo/tests/fixtures/scenarios/atmos-configuration/atmos.d/commands.yaml
DEBU atmos merged config path=/absolute/path/to/repo/tests/fixtures/scenarios/atmos-configuration/atmos.d/logs.yaml
DEBU atmos merged config path=/absolute/path/to/repo/tests/fixtures/scenarios/atmos-configuration/atmos.d/tools/helmfile.yml
DEBU atmos merged config path=/absolute/path/to/repo/tests/fixtures/scenarios/atmos-configuration/atmos.d/tools/stack.yaml
DEBU atmos merged config path=/absolute/path/to/repo/tests/fixtures/scenarios/atmos-configuration/atmos.d/tools/terraform.yaml
DEBU Profiler is disabled
DEBU atmos merged config path=/absolute/path/to/repo/tests/fixtures/scenarios/atmos-configuration/atmos.d/commands.yaml
DEBU atmos merged config path=/absolute/path/to/repo/tests/fixtures/scenarios/atmos-configuration/atmos.d/logs.yaml
DEBU atmos merged config path=/absolute/path/to/repo/tests/fixtures/scenarios/atmos-configuration/atmos.d/tools/helmfile.yml
DEBU atmos merged config path=/absolute/path/to/repo/tests/fixtures/scenarios/atmos-configuration/atmos.d/tools/stack.yaml
DEBU atmos merged config path=/absolute/path/to/repo/tests/fixtures/scenarios/atmos-configuration/atmos.d/tools/terraform.yaml
DEBU Failed to use pager
DEBU atmos merged config path=/absolute/path/to/repo/tests/fixtures/scenarios/atmos-configuration/atmos.d/commands.yaml
DEBU atmos merged config path=/absolute/path/to/repo/tests/fixtures/scenarios/atmos-configuration/atmos.d/logs.yaml
DEBU atmos merged config path=/absolute/path/to/repo/tests/fixtures/scenarios/atmos-configuration/atmos.d/tools/helmfile.yml
DEBU atmos merged config path=/absolute/path/to/repo/tests/fixtures/scenarios/atmos-configuration/atmos.d/tools/stack.yaml
DEBU atmos merged config path=/absolute/path/to/repo/tests/fixtures/scenarios/atmos-configuration/atmos.d/tools/terraform.yaml
DEBU atmos merged config path=/absolute/path/to/repo/tests/fixtures/scenarios/atmos-configuration/atmos.d/commands.yaml
DEBU atmos merged config path=/absolute/path/to/repo/tests/fixtures/scenarios/atmos-configuration/atmos.d/logs.yaml
DEBU atmos merged config path=/absolute/path/to/repo/tests/fixtures/scenarios/atmos-configuration/atmos.d/tools/helmfile.yml
DEBU atmos merged config path=/absolute/path/to/repo/tests/fixtures/scenarios/atmos-configuration/atmos.d/tools/stack.yaml
DEBU atmos merged config path=/absolute/path/to/repo/tests/fixtures/scenarios/atmos-configuration/atmos.d/tools/terraform.yaml
DEBU Telemetry event enqueued
