DEBU Set logs-level=debug logs-file=/dev/stderr
DEBU Vendor config file not found file=vendor
DEBU Telemetry is disabled, skipping capture

# Error                                                                                                                                                                                                                                                                                                                                                                                                                                                                                                                                                                                                                                                                                                                                                                                                                                                                                                                                                                                                                                 
                                                                                                                                                                                                                                                                                                                                                                                                                                                                                                                                                                                                                                                                                                                                                                                                                                                                                                                                                                                                                                        
the '--everything' flag is set, but vendor config file does not exist: vendor                                                                                                                                                                                                                                                                                                                                                                                                                                                                                                                                                                                                                                                                                                                                                                                                                                                                                                                                                           


