DEBU Set logs-level=debug logs-file=/dev/stderr
DEBU merged config from import import=https://raw.githubusercontent.com/cloudposse/atmos/refs/heads/main/atmos.yaml file_path=/atmos-import/atmos-import.yaml
DEBU merged config from import import=/absolute/path/to/repo/tests/fixtures/scenarios/atmos-cli-imports/configs.d/**/* file_path=/absolute/path/to/repo/tests/fixtures/scenarios/atmos-cli-imports/configs.d/commands.yaml
DEBU merged config from import import=/absolute/path/to/repo/tests/fixtures/scenarios/atmos-cli-imports/configs.d/**/* file_path=/absolute/path/to/repo/tests/fixtures/scenarios/atmos-cli-imports/configs.d/vendor.yaml
DEBU merged config from import import=/absolute/path/to/repo/tests/fixtures/scenarios/atmos-cli-imports/configs.d/**/* file_path=/absolute/path/to/repo/tests/fixtures/scenarios/atmos-cli-imports/configs.d/tools/stack.yml
DEBU merged config from import import=/absolute/path/to/repo/tests/fixtures/scenarios/atmos-cli-imports/configs.d/**/* file_path=/absolute/path/to/repo/tests/fixtures/scenarios/atmos-cli-imports/configs.d/tools/terraform.yaml
DEBU merged config from import import=/absolute/path/to/repo/tests/fixtures/scenarios/atmos-cli-imports/logs.yaml file_path=/absolute/path/to/repo/tests/fixtures/scenarios/atmos-cli-imports/logs.yaml
**Notice:** Telemetry Enabled - Atmos now collects completely anonymous telemetry regarding usage. This information is used to shape the Atmos roadmap and prioritize features. You can learn more, including how to opt-out if you'd not like to participate in this anonymous program, by visiting: https://atmos.tools/cli/telemetry                                                                                                                                                                                                                                                                                                                                                                                                                                                                                                                                                                                                                                                                                                 
DEBU merged config from import import=https://raw.githubusercontent.com/cloudposse/atmos/refs/heads/main/atmos.yaml file_path=/atmos-import/atmos-import.yaml
DEBU merged config from import import=/absolute/path/to/repo/tests/fixtures/scenarios/atmos-cli-imports/configs.d/**/* file_path=/absolute/path/to/repo/tests/fixtures/scenarios/atmos-cli-imports/configs.d/commands.yaml
DEBU merged config from import import=/absolute/path/to/repo/tests/fixtures/scenarios/atmos-cli-imports/configs.d/**/* file_path=/absolute/path/to/repo/tests/fixtures/scenarios/atmos-cli-imports/configs.d/vendor.yaml
DEBU merged config from import import=/absolute/path/to/repo/tests/fixtures/scenarios/atmos-cli-imports/configs.d/**/* file_path=/absolute/path/to/repo/tests/fixtures/scenarios/atmos-cli-imports/configs.d/tools/stack.yml
DEBU merged config from import import=/absolute/path/to/repo/tests/fixtures/scenarios/atmos-cli-imports/configs.d/**/* file_path=/absolute/path/to/repo/tests/fixtures/scenarios/atmos-cli-imports/configs.d/tools/terraform.yaml
DEBU merged config from import import=/absolute/path/to/repo/tests/fixtures/scenarios/atmos-cli-imports/logs.yaml file_path=/absolute/path/to/repo/tests/fixtures/scenarios/atmos-cli-imports/logs.yaml
DEBU merged config from import import=https://raw.githubusercontent.com/cloudposse/atmos/refs/heads/main/atmos.yaml file_path=/atmos-import/atmos-import.yaml
DEBU merged config from import import=/absolute/path/to/repo/tests/fixtures/scenarios/atmos-cli-imports/configs.d/**/* file_path=/absolute/path/to/repo/tests/fixtures/scenarios/atmos-cli-imports/configs.d/commands.yaml
DEBU merged config from import import=/absolute/path/to/repo/tests/fixtures/scenarios/atmos-cli-imports/configs.d/**/* file_path=/absolute/path/to/repo/tests/fixtures/scenarios/atmos-cli-imports/configs.d/vendor.yaml
DEBU merged config from import import=/absolute/path/to/repo/tests/fixtures/scenarios/atmos-cli-imports/configs.d/**/* file_path=/absolute/path/to/repo/tests/fixtures/scenarios/atmos-cli-imports/configs.d/tools/stack.yml
DEBU merged config from import import=/absolute/path/to/repo/tests/fixtures/scenarios/atmos-cli-imports/configs.d/**/* file_path=/absolute/path/to/repo/tests/fixtures/scenarios/atmos-cli-imports/configs.d/tools/terraform.yaml
DEBU merged config from import import=/absolute/path/to/repo/tests/fixtures/scenarios/atmos-cli-imports/logs.yaml file_path=/absolute/path/to/repo/tests/fixtures/scenarios/atmos-cli-imports/logs.yaml
DEBU Failed to use pager
DEBU merged config from import import=https://raw.githubusercontent.com/cloudposse/atmos/refs/heads/main/atmos.yaml file_path=/atmos-import/atmos-import.yaml
DEBU merged config from import import=/absolute/path/to/repo/tests/fixtures/scenarios/atmos-cli-imports/configs.d/**/* file_path=/absolute/path/to/repo/tests/fixtures/scenarios/atmos-cli-imports/configs.d/commands.yaml
DEBU merged config from import import=/absolute/path/to/repo/tests/fixtures/scenarios/atmos-cli-imports/configs.d/**/* file_path=/absolute/path/to/repo/tests/fixtures/scenarios/atmos-cli-imports/configs.d/vendor.yaml
DEBU merged config from import import=/absolute/path/to/repo/tests/fixtures/scenarios/atmos-cli-imports/configs.d/**/* file_path=/absolute/path/to/repo/tests/fixtures/scenarios/atmos-cli-imports/configs.d/tools/stack.yml
DEBU merged config from import import=/absolute/path/to/repo/tests/fixtures/scenarios/atmos-cli-imports/configs.d/**/* file_path=/absolute/path/to/repo/tests/fixtures/scenarios/atmos-cli-imports/configs.d/tools/terraform.yaml
DEBU merged config from import import=/absolute/path/to/repo/tests/fixtures/scenarios/atmos-cli-imports/logs.yaml file_path=/absolute/path/to/repo/tests/fixtures/scenarios/atmos-cli-imports/logs.yaml
DEBU merged config from import import=https://raw.githubusercontent.com/cloudposse/atmos/refs/heads/main/atmos.yaml file_path=/atmos-import/atmos-import.yaml
DEBU merged config from import import=/absolute/path/to/repo/tests/fixtures/scenarios/atmos-cli-imports/configs.d/**/* file_path=/absolute/path/to/repo/tests/fixtures/scenarios/atmos-cli-imports/configs.d/commands.yaml
DEBU merged config from import import=/absolute/path/to/repo/tests/fixtures/scenarios/atmos-cli-imports/configs.d/**/* file_path=/absolute/path/to/repo/tests/fixtures/scenarios/atmos-cli-imports/configs.d/vendor.yaml
DEBU merged config from import import=/absolute/path/to/repo/tests/fixtures/scenarios/atmos-cli-imports/configs.d/**/* file_path=/absolute/path/to/repo/tests/fixtures/scenarios/atmos-cli-imports/configs.d/tools/stack.yml
DEBU merged config from import import=/absolute/path/to/repo/tests/fixtures/scenarios/atmos-cli-imports/configs.d/**/* file_path=/absolute/path/to/repo/tests/fixtures/scenarios/atmos-cli-imports/configs.d/tools/terraform.yaml
DEBU merged config from import import=/absolute/path/to/repo/tests/fixtures/scenarios/atmos-cli-imports/logs.yaml file_path=/absolute/path/to/repo/tests/fixtures/scenarios/atmos-cli-imports/logs.yaml
DEBU Telemetry event enqueued
