
**Notice:** Telemetry Enabled - Atmos now collects anonymous telemetry regarding usage. This information is used to shape the Atmos roadmap and prioritize features. You can learn more, including how to opt out if you'd prefer not to participate in this anonymous program, by visiting: https://atmos.tools/cli/telemetry

# Error

**Error:** no workflow found

## Hints

💡 No workflow exists with name no-workflow-exists

💡 Available workflows in test.yaml: - fail

• fail-with-stack
• invalid-step-type
• no-steps
• pass
• shell-command-not-found
• shell-failure
• shell-pass
• shell-with-path


