**Notice:** Telemetry Enabled - Atmos now collects anonymous telemetry regarding usage. This information is used to shape the Atmos roadmap and prioritize features. You can learn more, including how to opt out if you'd prefer not to participate in this anonymous program, by visiting: https://atmos.tools/cli/telemetry
# Error

**Error:** failed to resolve component from path: path component type does not
match command

## Hints

💡 Path resolves to packer component but command expects terraform component You
ran: atmos terraform <command> . The path points to: packer component

💡 Run the correct command for this component type

💡 Make sure the path is within your component directories
