 DEBU  Set logs-level=debug logs-file=/dev/stderr
 DEBU  Loading toolchain registries from atmos.yaml registryCount=0
 DEBU  Successfully loaded configured registry from atmos.yaml
**Notice:** Telemetry Enabled - Atmos now collects anonymous telemetry regarding usage. This information is used to shape the Atmos roadmap and prioritize features. You can learn more, including how to opt out if you'd prefer not to participate in this anonymous program, by visiting: https://atmos.tools/cli/telemetry
 DEBU  Executing command="echo \"Info: This is a basic message\""
 DEBU  Executing command="echo \"Verbose: Additional details enabled\""
 DEBU  Telemetry event enqueued
