
👽 test linux/amd64

Validate all files against the project's EditorConfig rules

USAGE


    $ atmos validate editorconfig [flags]


FLAGS

      --disable-end-of-line               Disable end-of-line check

      --disable-indent-size               Disable indent size check

      --disable-indentation               Disable indentation check

      --disable-insert-final-newline      Disable final newline check

      --disable-max-line-length           Disable max line length check

      --disable-trim-trailing-whitespace  Disable trailing whitespace check

      --dry-run                           Show which files would be checked

      --exclude string                    Regex to exclude files from checking

      --format string                     Specify the output format: default, gcc (default default)

  -h, --help                              help for editorconfig

      --ignore-defaults                   Ignore default excludes

      --init                              Create an initial configuration

      --version                           Print the version number



Use --help=usage for examples or --help=all for all flags and full help.
