
**Notice:** Telemetry Enabled - Atmos now collects anonymous telemetry regarding usage. This information is used to shape the Atmos roadmap and prioritize features. You can learn more, including how to opt out if you'd prefer not to participate in this anonymous program, by visiting: https://atmos.tools/cli/telemetry

# Error

**Error:** workflow file not found

## Explanation

The workflow manifest file stacks/workflows/dne.yaml does not exist.

## Example

 # Verify the workflow file exists
 ls -la stacks/workflows/

 # Check your atmos.yaml for workflow paths configuration
 cat atmos.yaml | grep -A5 workflows

 # List workflows from existing files
 atmos describe workflows

## Hints

💡 Use atmos list workflows to see available workflows

💡 Verify the workflow file exists at: stacks/workflows/dne.yaml

💡 Check workflows.base_path in atmos.yaml: stacks/workflows


