DEBU Set logs-level=debug logs-file=/dev/stderr
DEBU Vendor config file not found file=vendor
DEBU Telemetry is disabled, skipping capture

# Error                                                                                                                                                                                                                                                                                                                                                                                                                                                                                                                                                                                                                                                                                                                                                                                                                                                                                                                                                                                                                                 
                                                                                                                                                                                                                                                                                                                                                                                                                                                                                                                                                                                                                                                                                                                                                                                                                                                                                                                                                                                                                                        
stat components/terraform/ipinfo: no such file or directory                                                                                                                                                                                                                                                                                                                                                                                                                                                                                                                                                                                                                                                                                                                                                                                                                                                                                                                                                                             


