
**Notice:** Telemetry Enabled - Atmos now collects anonymous telemetry regarding usage. This information is used to shape the Atmos roadmap and prioritize features. You can learn more, including how to opt out if you'd prefer not to participate in this anonymous program, by visiting: https://atmos.tools/cli/telemetry
ℹ Executing command: atmos terraform plan idontexist

# Incorrect Usage

**Error:** The command atmos terraform plan is not valid usage

## Usage Examples:

– Execute a terraform plan

  $ atmos terraform plan <component-name> -s <stack-name>

## Hints

💡 https://atmos.tools/cli/commands/terraform/usage



# Workflow Error

**Error:** workflow step execution failed: max attempts (1) exceeded, last
error: subcommand exited with code 1

## Hints

💡 The following command failed to execute:

 atmos terraform plan idontexist -s 'prod'

💡 To resume the workflow from this step, run:

 atmos workflow fail-with-stack -f test --from-step 'step1' -s 'prod'


