
**Notice:** Telemetry Enabled - Atmos now collects anonymous telemetry regarding usage. This information is used to shape the Atmos roadmap and prioritize features. You can learn more, including how to opt out if you'd prefer not to participate in this anonymous program, by visiting: https://atmos.tools/cli/telemetry
INFO Chained identity from=mock-provider to=mock-identity

✓ Authentication successful!

  Provider  mock-provider
  Identity  mock-identity
  Region    us-east-1
  Expires   2025-01-01 00:00:00 UTC

