
# Error                                                                                                                                                                                                                                                                                                                                                                                                                                                                                                                                                                                                                                                                                                                                                                                                                                                                                                                                                                                                                                 
                                                                                                                                                                                                                                                                                                                                                                                                                                                                                                                                                                                                                                                                                                                                                                                                                                                                                                                                                                                                                                        
authentication failed: hierarchical authentication failed: AWS user identity "test-user" authentication failed: failed to get session token: operation error STS: GetSessionToken, https response error StatusCode: 403, RequestID: 4cee3a91-cf42-4fd3-bc8f-a6af593457c9, api error InvalidClientTokenId: The security token included in the request is invalid.                                                                                                                                                                                                                                                                                                                                                                                                                                                                                                                                                                                                                                                                        


