
# Error                                                                                                                                                                                                                                                                                                                                                                                                                                                                                                                                                                                                                                                                                                                                                                                                                                                                                                                                                                                                                                 
                                                                                                                                                                                                                                                                                                                                                                                                                                                                                                                                                                                                                                                                                                                                                                                                                                                                                                                                                                                                                                        
authentication failed: authentication failed: hierarchical authentication failed: authentication failed: provider "test-sso" authentication failed: authentication failed: failed to create token: operation error SSO OIDC: CreateToken, https response error StatusCode: 400, RequestID: 31e85b74-6aea-45ad-9acf-8ca75b1739fe, InvalidGrantException:                                                                                                                                                                                                                                                                                                                                                                                                                                                                                                                                                                                                                                                                                 


