
# Error                                                                                                                                                                                                                                                                                                                                                                                                                                                                                                                                                                                                                                                                                                                                                                                                                                                                                                                                                                                                                                 
                                                                                                                                                                                                                                                                                                                                                                                                                                                                                                                                                                                                                                                                                                                                                                                                                                                                                                                                                                                                                                        
authentication failed: authentication failed: hierarchical authentication failed: authentication failed: provider "test-sso" authentication failed: authentication failed: failed to create token: operation error SSO OIDC: CreateToken, https response error StatusCode: 400, RequestID: eb634fac-e842-413e-9756-02b14d510956, InvalidGrantException:                                                                                                                                                                                                                                                                                                                                                                                                                                                                                                                                                                                                                                                                                 


