DEBU Set logs-level=debug logs-file=/dev/stderr
DEBU Failed to find atmos config file path=/absolute/path/to/repo/tests/fixtures/scenarios/vendor-pulls-ssh/atmos.d/**/* error="failed to find matching files: no files matching patterns found"
DEBU Failed to find atmos config file path=/absolute/path/to/repo/tests/fixtures/scenarios/vendor-pulls-ssh/.atmos.d/**/* error="failed to find matching files: no files matching patterns found"
DEBU processStoreConfig atmosConfig.StoresConfig=map[]
DEBU Failed to find atmos config file path=/absolute/path/to/repo/tests/fixtures/scenarios/vendor-pulls-ssh/atmos.d/**/* error="failed to find matching files: no files matching patterns found"
DEBU Failed to find atmos config file path=/absolute/path/to/repo/tests/fixtures/scenarios/vendor-pulls-ssh/.atmos.d/**/* error="failed to find matching files: no files matching patterns found"
DEBU processStoreConfig atmosConfig.StoresConfig=map[]
DEBU Failed to find atmos config file path=/absolute/path/to/repo/tests/fixtures/scenarios/vendor-pulls-ssh/atmos.d/**/* error="failed to find matching files: no files matching patterns found"
DEBU Failed to find atmos config file path=/absolute/path/to/repo/tests/fixtures/scenarios/vendor-pulls-ssh/.atmos.d/**/* error="failed to find matching files: no files matching patterns found"
DEBU processStoreConfig atmosConfig.StoresConfig=map[]
INFO Vendoring from 'vendor.yaml'
WARN No TTY detected. Falling back to basic output. This can happen when no terminal is attached or when commands are pipelined.
DEBU Downloading and installing package package=terraform-null-label-cred
INFO ✓ terraform-null-label-cred (0.25.0)
DEBU Downloading and installing package package=terraform-null-label-basic
INFO ✓ terraform-null-label-basic (0.25.0)
INFO Done! Dry run completed. No components vendored.

INFO Vendored 2 components.

