 DEBU  Set logs-level=debug logs-file=/dev/stderr
 DEBU  Found config ENV ATMOS_CLI_CONFIG_PATH=/absolute/path/to/repo/tests/fixtures/scenarios/vendor-creds-sanitize
 DEBU  Found config ENV ATMOS_CLI_CONFIG_PATH=/absolute/path/to/repo/tests/fixtures/scenarios/vendor-creds-sanitize

**Notice:** Telemetry Enabled - Atmos now collects anonymous telemetry regarding usage. This information is used to shape the Atmos roadmap and prioritize features. You can learn more, including how to opt out if you'd prefer not to participate in this anonymous program, by visiting: https://atmos.tools/cli/telemetry
 DEBU  Found config ENV ATMOS_CLI_CONFIG_PATH=/absolute/path/to/repo/tests/fixtures/scenarios/vendor-creds-sanitize
 DEBU  ProcessCommandLineArgs input componentType=terraform args=[]
 DEBU  After ParseFlags identity.Value="" identity.Changed=false
 DEBU  Found config ENV ATMOS_CLI_CONFIG_PATH=/absolute/path/to/repo/tests/fixtures/scenarios/vendor-creds-sanitize
 INFO  Vendoring from 'vendor.yaml'
 DEBU  Added /. to Git URL without subdirectory normalized="github.com/cloudposse/terraform-null-label.git//.?ref=0.25.0"
 DEBU  Added //. to Git URL without subdirectory normalized="https://myuser:supersecret@github.com/cloudposse/terraform-null-label.git/.?ref=0.25.0"
 DEBU  Added //. to Git URL without subdirectory normalized="https://git@github.com/cloudposse/terraform-null-label.git/.?ref=0.25.0"
 DEBU  Added //. to Git URL without subdirectory normalized="gitlab.com/gitlab-org/ci-cd/deploy-stage/environments-group/examples/gitlab-terraform-aws.git//.?ref=master"
 DEBU  Added //. to Git URL without subdirectory normalized="bitbucket.org/blainethemono/terraform-deploy_jenkins_to_k8s_using_terraform.git//.?ref=master"
 DEBU  No TTY detected. Falling back to basic output. This can happen when no terminal is attached or when commands are pipelined.
 DEBU  Downloading and installing package package=terraform-null-label-basic
 DEBU  Entering dry-run flow for generic (non component/mixin) vendoring  package=terraform-null-label-basic
 DEBU  Custom detection required for URI uri="github.com/cloudposse/terraform-null-label.git//.?ref=0.25.0"
 DEBU  CustomGitDetector.Detect called
 DEBU  Defaulting to https scheme url="https://github.com/cloudposse/terraform-null-label.git/.?ref=0.25.0"
 DEBU  Token injection enabled for host host=github.com
 DEBU  Injected token env=ATMOS_GITHUB_TOKEN url="https://***@github.com/cloudposse/terraform-null-label.git/.?ref=0.25.0"
 DEBU  Final transformation url="git::https://***@github.com/cloudposse/terraform-null-label.git/.?depth=1&ref=0.25.0"
 INFO  ✓ package=terraform-null-label-basic version=(0.25.0)
 DEBU  Downloading and installing package package=terraform-null-label-direct
 DEBU  Entering dry-run flow for generic (non component/mixin) vendoring  package=terraform-null-label-direct
 DEBU  Skipping custom detection; URI already supported by go getter uri="https://myuser:supersecret@github.com/cloudposse/terraform-null-label.git/.?ref=0.25.0"
 INFO  ✓ package=terraform-null-label-direct version=(0.25.0)
 DEBU  Downloading and installing package package=terraform-null-label-cred
 DEBU  Entering dry-run flow for generic (non component/mixin) vendoring  package=terraform-null-label-cred
 DEBU  Skipping custom detection; URI already supported by go getter uri="https://git@github.com/cloudposse/terraform-null-label.git/.?ref=0.25.0"
 INFO  ✓ package=terraform-null-label-cred version=(0.25.0)
 DEBU  Downloading and installing package package=terraform-gitlab-vpc
 DEBU  Entering dry-run flow for generic (non component/mixin) vendoring  package=terraform-gitlab-vpc
 DEBU  Custom detection required for URI uri="gitlab.com/gitlab-org/ci-cd/deploy-stage/environments-group/examples/gitlab-terraform-aws.git//.?ref=master"
 DEBU  CustomGitDetector.Detect called
 DEBU  Defaulting to https scheme url="https://gitlab.com/gitlab-org/ci-cd/deploy-stage/environments-group/examples/gitlab-terraform-aws.git/.?ref=master"
 DEBU  Token injection enabled for host host=gitlab.com
 DEBU  Injected token env=ATMOS_GITLAB_TOKEN url="https://***@gitlab.com/gitlab-org/ci-cd/deploy-stage/environments-group/examples/gitlab-terraform-aws.git/.?ref=master"
 DEBU  Final transformation url="git::https://***@gitlab.com/gitlab-org/ci-cd/deploy-stage/environments-group/examples/gitlab-terraform-aws.git/.?depth=1&ref=master"
 INFO  ✓ package=terraform-gitlab-vpc version=(master)
 DEBU  Downloading and installing package package=terraform-bitbucket-deploy-jenkins
 DEBU  Entering dry-run flow for generic (non component/mixin) vendoring  package=terraform-bitbucket-deploy-jenkins
 DEBU  Custom detection required for URI uri="bitbucket.org/blainethemono/terraform-deploy_jenkins_to_k8s_using_terraform.git//.?ref=master"
 DEBU  CustomGitDetector.Detect called
 DEBU  Defaulting to https scheme url="https://bitbucket.org/blainethemono/terraform-deploy_jenkins_to_k8s_using_terraform.git/.?ref=master"
 DEBU  Token injection enabled for host host=bitbucket.org
 DEBU  Injected token env=ATMOS_BITBUCKET_TOKEN url="https://***@bitbucket.org/blainethemono/terraform-deploy_jenkins_to_k8s_using_terraform.git/.?ref=master"
 DEBU  Final transformation url="git::https://***@bitbucket.org/blainethemono/terraform-deploy_jenkins_to_k8s_using_terraform.git/.?depth=1&ref=master"
 INFO  ✓ package=terraform-bitbucket-deploy-jenkins version=(master)
 INFO  Done! Dry run completed. No components vendored
 INFO  Vendored components success=5
 DEBU  Found config ENV ATMOS_CLI_CONFIG_PATH=/absolute/path/to/repo/tests/fixtures/scenarios/vendor-creds-sanitize
 DEBU  Found config ENV ATMOS_CLI_CONFIG_PATH=/absolute/path/to/repo/tests/fixtures/scenarios/vendor-creds-sanitize
 DEBU  Telemetry event enqueued
