**Notice:** Telemetry Enabled - Atmos now collects anonymous telemetry regarding usage. This information is used to shape the Atmos roadmap and prioritize features. You can learn more, including how to opt out if you'd prefer not to participate in this anonymous program, by visiting: https://atmos.tools/cli/telemetry
[38;5;59m🧪[0m toolchain[0m[38;2;247;250;252m is an experimental feature. [0m[38;2;155;81;224;1mLearn more[0m[38;2;247;250;252m [0m[38;2;0;163;224;4mhttps://atmos.tools/experimental[0m[38;2;247;250;252m
