{
  "base_path": ".",
  "components": {
    "terraform": {
      "base_path": "components/terraform",
      "apply_auto_approve": false,
      "append_user_agent": "Atmos/test (Cloud Posse; +https://atmos.tools)",
      "deploy_run_init": false,
      "init_run_reconfigure": false,
      "auto_generate_backend_file": false,
      "auto_generate_files": false,
      "command": "",
      "shell": {
        "prompt": ""
      },
      "init": {
        "pass_vars": false
      },
      "plan": {
        "skip_planfile": false
      },
      "plugin_cache": true
    },
    "helmfile": {
      "base_path": "",
      "use_eks": true,
      "kubeconfig_path": "",
      "helm_aws_profile_pattern": "",
      "cluster_name_pattern": "",
      "command": "",
      "auto_generate_files": false
    },
    "packer": {
      "base_path": "",
      "command": "",
      "auto_generate_files": false
    },
    "ansible": {
      "base_path": "",
      "command": "",
      "auto_generate_files": false
    },
    "list": {
      "format": "",
      "columns": null
    },
    "Plugins": null
  },
  "stacks": {
    "base_path": "stacks",
    "included_paths": [
      "deploy/**/*"
    ],
    "excluded_paths": null,
    "name_pattern": "{tenant}-{environment}-{stage}",
    "name_template": "",
    "list": {
      "format": "",
      "columns": null
    },
    "inherit": {}
  },
  "workflows": {
    "base_path": "",
    "list": {
      "format": "",
      "columns": null
    }
  },
  "logs": {
    "file": "/dev/stderr",
    "level": "Info"
  },
  "errors": {
    "format": {},
    "sentry": {
      "enabled": false,
      "dsn": ""
    }
  },
  "integrations": {
    "atlantis": {}
  },
  "templates": {
    "settings": {
      "enabled": false,
      "sprig": {
        "enabled": false
      },
      "gomplate": {
        "enabled": false,
        "timeout": 0,
        "datasources": null
      }
    }
  },
  "settings": {
    "list_merge_strategy": "",
    "terminal": {
      "max_width": 0,
      "pager": "false",
      "unicode": false,
      "syntax_highlighting": {
        "enabled": false,
        "lexer": "",
        "formatter": "",
        "theme": "",
        "line_numbers": false,
        "wrap": false
      },
      "color": true,
      "no_color": false,
      "mask": {
        "enabled": true,
        "replacement": "[REDACTED]",
        "patterns": [
          "demo-key-[A-Za-z0-9]{16}",
          "internal-[a-f0-9]{32}",
          "tkn_(live|test)_[a-zA-Z0-9]{24}"
        ],
        "literals": [
          "super-secret-demo-value",
          "my-api-key-12345"
        ]
      }
    },
    "experimental": "warn",
    "docs": {
      "max_width": 0,
      "pagination": false
    },
    "markdown": {
      "document": {},
      "block_quote": {},
      "paragraph": {},
      "list": {},
      "list_item": {},
      "heading": {},
      "h1": {},
      "h2": {},
      "h3": {},
      "h4": {},
      "h5": {},
      "h6": {},
      "text": {},
      "strong": {},
      "emph": {},
      "hr": {},
      "item": {},
      "enumeration": {},
      "code": {},
      "code_block": {},
      "table": {},
      "definition_list": {},
      "definition_term": {},
      "definition_description": {},
      "html_block": {},
      "html_span": {},
      "link": {},
      "link_text": {}
    },
    "InjectGithubToken": true,
    "GithubToken": "",
    "AtmosGithubToken": "",
    "GithubUsername": "",
    "InjectBitbucketToken": true,
    "BitbucketToken": "",
    "AtmosBitbucketToken": "",
    "BitbucketUsername": "",
    "InjectGitlabToken": true,
    "AtmosGitlabToken": "",
    "GitlabToken": "",
    "pro": {
      "base_url": "https://atmos-pro.com",
      "endpoint": "api/v1",
      "github_oidc": {}
    },
    "telemetry": {
      "enabled": true,
      "endpoint": "https://us.i.posthog.com",
      "token": "phc_TEST_TOKEN_PLACEHOLDER",
      "logging": false
    }
  },
  "describe": {
    "settings": {}
  },
  "vendor": {
    "base_path": "",
    "list": {
      "format": "",
      "columns": null
    }
  },
  "initialized": true,
  "basePathAbsolute": "/absolute/path/to/repo/examples/secrets-masking",
  "stacksBaseAbsolutePath": "/absolute/path/to/repo/examples/secrets-masking/stacks",
  "includeStackAbsolutePaths": [
    "/absolute/path/to/repo/examples/secrets-masking/stacks/deploy/**/*"
  ],
  "terraformDirAbsolutePath": "/absolute/path/to/repo/examples/secrets-masking/components/terraform",
  "helmfileDirAbsolutePath": "/absolute/path/to/repo/examples/secrets-masking",
  "packerDirAbsolutePath": "/absolute/path/to/repo/examples/secrets-masking",
  "ansibleDirAbsolutePath": "/absolute/path/to/repo/examples/secrets-masking",
  "default": false,
  "version": {
    "check": {},
    "constraint": {}
  },
  "validate": {
    "editorconfig": {}
  },
  "cli_config_path": "/absolute/path/to/repo/examples/secrets-masking",
  "import": null,
  "docs": {
    "max_width": 0,
    "pagination": false,
    "generate": {
      "readme": {
        "output": "./README.md",
        "terraform": {}
      }
    }
  },
  "auth": {
    "logs": {
      "file": "",
      "level": ""
    },
    "keyring": {},
    "providers": null,
    "identities": null
  },
  "profiler": {
    "enabled": false,
    "port": 0,
    "host": "",
    "file": "",
    "profile_type": ""
  },
  "toolchain": {
    "install_path": "",
    "file_path": "",
    "tools_dir": "",
    "versions_file": "",
    "use_tool_versions": false,
    "use_lock_file": false
  },
  "profiles": {},
  "metadata": {},
  "list": {
    "components": {
      "format": "",
      "columns": null
    },
    "instances": {
      "format": "",
      "columns": null
    },
    "stacks": {
      "format": "",
      "columns": null
    }
  }
}
