DEBU Set logs-level=debug logs-file=/dev/stderr
DEBU 'settings.pro' is deprecated, use 'pro' instead. See: https://atmos.tools/cli/configuration/settings/pro
DEBU Found ENV variable ATMOS_VERSION_CHECK_ENABLED=false
DEBU Found ENV variable ATMOS_VERSION_CHECK_ENABLED=false
DEBU Found ENV variable ATMOS_VERSION_CHECK_ENABLED=false
DEBU Telemetry event enqueued
