[0m[1mInitializing the backend...[0m
[0m[1mInitializing provider plugins...[0m
- Reusing previous version of hashicorp/http from the dependency lock file
- Reusing previous version of hashicorp/local from the dependency lock file
- Using previously-installed hashicorp/http v3.4.5
- Using previously-installed hashicorp/local v2.5.2

[0m[1m[32mTerraform has been successfully initialized![0m[32m[0m
[0m[32mSwitched to workspace "dev-station".[0m
data.http.weather: Reading...
data.http.weather: Read complete after 0s [id=https://wttr.in/Stockholm?0&format=&lang=se&u=m]

Terraform used the selected providers to generate the following execution
plan. Resource actions are indicated with the following symbols:
  + create

Terraform will perform the following actions:

  # local_file.cache will be created
  + resource "local_file" "cache" {
      + content              = <<-EOT
            Weather report: Stockholm
            
              [38;5;250m     .-.     [0m Light rain
              [38;5;250m    (   ).   [0m [38;5;049m+2[0m([38;5;051m-1[0m) °C[0m      
              [38;5;250m   (___(__)  [0m [1m↗[0m [38;5;154m9[0m km/h[0m       
              [38;5;111m    ‘ ‘ ‘ ‘  [0m 5 km[0m           
              [38;5;111m   ‘ ‘ ‘ ‘   [0m 0.0 mm[0m
        EOT
      + content_base64sha256 = (known after apply)
      + content_base64sha512 = (known after apply)
      + content_md5          = (known after apply)
      + content_sha1         = (known after apply)
      + content_sha256       = (known after apply)
      + content_sha512       = (known after apply)
      + directory_permission = "0777"
      + file_permission      = "0777"
      + filename             = "cache.dev.txt"
      + id                   = (known after apply)
    }

Plan: 1 to add, 0 to change, 0 to destroy.

Changes to Outputs:
  + lang     = "se"
  + location = "Stockholm"
  + stage    = "dev"
  + units    = "m"
  + url      = "https://wttr.in/Stockholm?0&format=&lang=se&u=m"
  + weather  = <<-EOT
        Weather report: Stockholm
        
          [38;5;250m     .-.     [0m Light rain
          [38;5;250m    (   ).   [0m [38;5;049m+2[0m([38;5;051m-1[0m) °C[0m      
          [38;5;250m   (___(__)  [0m [1m↗[0m [38;5;154m9[0m km/h[0m       
          [38;5;111m    ‘ ‘ ‘ ‘  [0m 5 km[0m           
          [38;5;111m   ‘ ‘ ‘ ‘   [0m 0.0 mm[0m
    EOT
