
 CLI config file specifies the directory for Atmos stacks as ,
but the directory does not exist.

To configure and start using Atmos, refer to the following documents:

https://atmos.tools/cli/configuration

https://atmos.tools/core-concepts/components

https://atmos.tools/core-concepts/stacks

https://atmos.tools/quick-start

