
atmos.yaml CLI config file specifies the directory for Atmos stacks as stacks,
but the directory does not exist.

Notice: Atmos now collects completely anonymous telemetry regarding usage.
This information is used to shape Atmos roadmap and prioritize features.
You can learn more, including how to opt-out if you'd not like to participate in this anonymous program, by visiting the following URL:
https://atmos.tools/cli/telemetry

To configure and start using Atmos, refer to the following documents:

Atmos CLI Configuration:
https://atmos.tools/cli/configuration

Atmos Components:
https://atmos.tools/core-concepts/components

Atmos Stacks:
https://atmos.tools/core-concepts/stacks

Quick Start:
https://atmos.tools/quick-start

