
# Incorrect Usage

**Error:** Unknown command non-existent for atmos

Valid subcommands are:

  • about
  • ai
  • ansible
  • atlantis
  • auth
  • aws
  • cast
  • ci
  • completion
  • composition
  • config
  • container
  • describe
  • devcontainer
  • docs
  • emulator
  • env
  • git
  • helm
  • helmfile
  • help
  • init
  • kubernetes
  • list
  • lsp
  • mcp
  • packer
  • pro
  • profile
  • sbom
  • scaffold
  • secret
  • stack
  • support
  • terraform
  • theme
  • toolchain
  • validate
  • vendor
  • version
  • workflow

## Usage

 atmos [flags]
 atmos [sub-command] [flags]

💡 Run atmos --help for usage
