DEBU Using command line argument '--logs-level=Debug'
DEBU processStoreConfig atmosConfig.StoresConfig=map[]
DEBU processStoreConfig atmosConfig.StoresConfig=map[]
DEBU processStoreConfig atmosConfig.StoresConfig=map[]
INFO Vendoring from 'vendor.yaml'
DEBU No TTY detected. Falling back to basic output. This can happen when no terminal is attached or when commands are pipelined.
DEBU CustomGitDetector.Detect called
DEBU Defaulting to https scheme url="https://github.com/cloudposse/terraform-null-label.git?ref=0.25.0"
DEBU Reading config param InjectGithubToken=true
DEBU Injected token env=GITHUB_TOKEN url="https://***:***@github.com/cloudposse/terraform-null-label.git?ref=0.25.0"
DEBU Final URL final_url="git::https://***:***@github.com/cloudposse/terraform-null-label.git?depth=1&ref=0.25.0"
DEBU Including  file=.github
DEBU Including  file=.github/CODEOWNERS
DEBU Including  file=.github/ISSUE_TEMPLATE
DEBU Including  file=.github/ISSUE_TEMPLATE/bug_report.md
DEBU Including  file=.github/ISSUE_TEMPLATE/config.yml
DEBU Including  file=.github/ISSUE_TEMPLATE/feature_request.md
DEBU Including  file=.github/ISSUE_TEMPLATE/question.md
DEBU Including  file=.github/PULL_REQUEST_TEMPLATE.md
DEBU Including  file=.github/auto-release.yml
DEBU Including  file=.github/workflows
DEBU Including  file=.github/workflows/auto-format.yml
DEBU Including  file=.github/workflows/auto-release.yml
DEBU Including  file=.github/workflows/chatops.yml
DEBU Including  file=.github/workflows/validate-codeowners.yml
DEBU Including  file=.gitignore
DEBU Including  file=LICENSE
DEBU Including  file=Makefile
DEBU Including  file=README.md
DEBU Including  file=README.yaml
DEBU Including  file=descriptors.tf
DEBU Including  file=docs
DEBU Including  file=docs/targets.md
DEBU Including  file=docs/terraform.md
DEBU Including  file=examples
DEBU Including  file=examples/autoscalinggroup
DEBU Including  file=examples/autoscalinggroup/.gitignore
DEBU Including  file=examples/autoscalinggroup/autoscalinggroup.auto.tfvars
DEBU Including  file=examples/autoscalinggroup/context.tf
DEBU Including  file=examples/autoscalinggroup/main.tf
DEBU Including  file=examples/autoscalinggroup/outputs.tf
DEBU Including  file=examples/autoscalinggroup/versions.tf
DEBU Including  file=examples/complete
DEBU Including  file=examples/complete/.gitignore
DEBU Including  file=examples/complete/compatibility.tf
DEBU Including  file=examples/complete/complete.auto.tfvars
DEBU Including  file=examples/complete/context.tf
DEBU Including  file=examples/complete/descriptors.tf
DEBU Including  file=examples/complete/label1.tf
DEBU Including  file=examples/complete/label1t1.tf
DEBU Including  file=examples/complete/label1t2.tf
DEBU Including  file=examples/complete/label2.tf
DEBU Including  file=examples/complete/label3c.tf
DEBU Including  file=examples/complete/label3n.tf
DEBU Including  file=examples/complete/label4.tf
DEBU Including  file=examples/complete/label5.tf
DEBU Including  file=examples/complete/label6f.tf
DEBU Including  file=examples/complete/label6t.tf
DEBU Including  file=examples/complete/label7.tf
DEBU Including  file=examples/complete/label8d.tf
DEBU Including  file=examples/complete/label8dcd.tf
DEBU Including  file=examples/complete/label8dnd.tf
DEBU Including  file=examples/complete/label8l.tf
DEBU Including  file=examples/complete/label8n.tf
DEBU Including  file=examples/complete/label8t.tf
DEBU Including  file=examples/complete/label8u.tf
DEBU Including  file=examples/complete/module
DEBU Including  file=examples/complete/module/compare
DEBU Including  file=examples/complete/module/compare/compare.tf
DEBU Including  file=examples/complete/versions.tf
DEBU Including  file=exports
DEBU Including  file=exports/context.tf
DEBU Including  file=main.tf
DEBU Including  file=outputs.tf
DEBU Including  file=test
DEBU Including  file=test/.gitignore
DEBU Including  file=test/Makefile
DEBU Including  file=test/Makefile.alpine
DEBU Including  file=test/src
DEBU Including  file=test/src/.gitignore
DEBU Including  file=test/src/Makefile
DEBU Including  file=test/src/examples_complete_test.go
DEBU Including  file=test/src/go.mod
DEBU Including  file=test/src/go.sum
DEBU Including  file=variables.tf
DEBU Including  file=versions.tf
INFO ✓ terraform-null-label-basic (0.25.0)
DEBU Including  file=terraform-null-label.git
INFO ✓ terraform-null-label-direct (0.25.0)
DEBU Including  file=terraform-null-label.git
INFO ✓ terraform-null-label-cred (0.25.0)
INFO Vendored 3 components.
DEBU Telemetry event captured
