replicatedhq/replicated (registry: atmos-inline)
Type: github_release
Repository: https://github.com/replicatedhq/replicated

Installed Versions:
         VERSION                
────────────────────────────────
  ✓       v0.124.1 (default)      

Available Versions (latest 10):
                   VERSION           DATE              TITLE            
────────────────────────────────────────────────────────────────────────
 ●                 0.124.1           2025-12-17        Changelog        
                   0.124.0           2025-12-12        Changelog        
                   0.123.0           2025-12-11        Changelog        
                   0.122.0           2025-12-03        Changelog        
                   0.121.0           2025-11-13        Changelog        
                   0.120.1           2025-11-11        Changelog        
                   0.120.0           2025-11-07        Changelog        
                   0.119.0           2025-11-04        Changelog        
                   0.118.0           2025-10-24        Changelog        
                   0.117.0           2025-10-23        Changelog        

💡 Use atmos toolchain install replicatedhq/replicated@<version> to install
