DEBU no matches found for glob pattern path=/absolute/path/to/repo/tests/fixtures/scenarios/atmos-cli-imports/atmos.d/**/*.yaml error="failed to find a match for the import '/absolute/path/to/repo/tests/fixtures/scenarios/atmos-cli-imports/atmos.d/**/*.yaml' ('/absolute/path/to/repo/tests/fixtures/scenarios/atmos-cli-imports/atmos.d' + '**/*.yaml')"
DEBU no matches found for glob pattern path=/absolute/path/to/repo/tests/fixtures/scenarios/atmos-cli-imports/atmos.d/**/*.yml error="failed to find a match for the import '/absolute/path/to/repo/tests/fixtures/scenarios/atmos-cli-imports/atmos.d/**/*.yml' ('/absolute/path/to/repo/tests/fixtures/scenarios/atmos-cli-imports/atmos.d' + '**/*.yml')"
DEBU Failed to find atmos config file path=/absolute/path/to/repo/tests/fixtures/scenarios/atmos-cli-imports/atmos.d/**/* error="failed to find matching files: no files matching patterns found"
DEBU no matches found for glob pattern path=/absolute/path/to/repo/tests/fixtures/scenarios/atmos-cli-imports/.atmos.d/**/*.yaml error="failed to find a match for the import '/absolute/path/to/repo/tests/fixtures/scenarios/atmos-cli-imports/.atmos.d/**/*.yaml' ('/absolute/path/to/repo/tests/fixtures/scenarios/atmos-cli-imports/.atmos.d' + '**/*.yaml')"
DEBU no matches found for glob pattern path=/absolute/path/to/repo/tests/fixtures/scenarios/atmos-cli-imports/.atmos.d/**/*.yml error="failed to find a match for the import '/absolute/path/to/repo/tests/fixtures/scenarios/atmos-cli-imports/.atmos.d/**/*.yml' ('/absolute/path/to/repo/tests/fixtures/scenarios/atmos-cli-imports/.atmos.d' + '**/*.yml')"
DEBU Failed to find atmos config file path=/absolute/path/to/repo/tests/fixtures/scenarios/atmos-cli-imports/.atmos.d/**/* error="failed to find matching files: no files matching patterns found"
DEBU merged config from import import=https://raw.githubusercontent.com/cloudposse/atmos/refs/heads/main/atmos.yaml file_path=/atmos-import/atmos-import.yaml
DEBU merged config from import import=/absolute/path/to/repo/tests/fixtures/scenarios/atmos-cli-imports/configs.d/**/* file_path=/absolute/path/to/repo/tests/fixtures/scenarios/atmos-cli-imports/configs.d/commands.yaml
DEBU merged config from import import=/absolute/path/to/repo/tests/fixtures/scenarios/atmos-cli-imports/configs.d/**/* file_path=/absolute/path/to/repo/tests/fixtures/scenarios/atmos-cli-imports/configs.d/vendor.yaml
DEBU merged config from import import=/absolute/path/to/repo/tests/fixtures/scenarios/atmos-cli-imports/configs.d/**/* file_path=/absolute/path/to/repo/tests/fixtures/scenarios/atmos-cli-imports/configs.d/tools/stack.yml
DEBU merged config from import import=/absolute/path/to/repo/tests/fixtures/scenarios/atmos-cli-imports/configs.d/**/* file_path=/absolute/path/to/repo/tests/fixtures/scenarios/atmos-cli-imports/configs.d/tools/terraform.yaml
DEBU merged config from import import=/absolute/path/to/repo/tests/fixtures/scenarios/atmos-cli-imports/logs.yaml file_path=/absolute/path/to/repo/tests/fixtures/scenarios/atmos-cli-imports/logs.yaml
DEBU processStoreConfig atmosConfig.StoresConfig=map[]
DEBU no matches found for glob pattern path=/absolute/path/to/repo/tests/fixtures/scenarios/atmos-cli-imports/atmos.d/**/*.yaml error="failed to find a match for the import '/absolute/path/to/repo/tests/fixtures/scenarios/atmos-cli-imports/atmos.d/**/*.yaml' ('/absolute/path/to/repo/tests/fixtures/scenarios/atmos-cli-imports/atmos.d' + '**/*.yaml')"
DEBU no matches found for glob pattern path=/absolute/path/to/repo/tests/fixtures/scenarios/atmos-cli-imports/atmos.d/**/*.yml error="failed to find a match for the import '/absolute/path/to/repo/tests/fixtures/scenarios/atmos-cli-imports/atmos.d/**/*.yml' ('/absolute/path/to/repo/tests/fixtures/scenarios/atmos-cli-imports/atmos.d' + '**/*.yml')"
DEBU Failed to find atmos config file path=/absolute/path/to/repo/tests/fixtures/scenarios/atmos-cli-imports/atmos.d/**/* error="failed to find matching files: no files matching patterns found"
DEBU no matches found for glob pattern path=/absolute/path/to/repo/tests/fixtures/scenarios/atmos-cli-imports/.atmos.d/**/*.yaml error="failed to find a match for the import '/absolute/path/to/repo/tests/fixtures/scenarios/atmos-cli-imports/.atmos.d/**/*.yaml' ('/absolute/path/to/repo/tests/fixtures/scenarios/atmos-cli-imports/.atmos.d' + '**/*.yaml')"
DEBU no matches found for glob pattern path=/absolute/path/to/repo/tests/fixtures/scenarios/atmos-cli-imports/.atmos.d/**/*.yml error="failed to find a match for the import '/absolute/path/to/repo/tests/fixtures/scenarios/atmos-cli-imports/.atmos.d/**/*.yml' ('/absolute/path/to/repo/tests/fixtures/scenarios/atmos-cli-imports/.atmos.d' + '**/*.yml')"
DEBU Failed to find atmos config file path=/absolute/path/to/repo/tests/fixtures/scenarios/atmos-cli-imports/.atmos.d/**/* error="failed to find matching files: no files matching patterns found"
DEBU merged config from import import=https://raw.githubusercontent.com/cloudposse/atmos/refs/heads/main/atmos.yaml file_path=/atmos-import/atmos-import.yaml
DEBU merged config from import import=/absolute/path/to/repo/tests/fixtures/scenarios/atmos-cli-imports/configs.d/**/* file_path=/absolute/path/to/repo/tests/fixtures/scenarios/atmos-cli-imports/configs.d/commands.yaml
DEBU merged config from import import=/absolute/path/to/repo/tests/fixtures/scenarios/atmos-cli-imports/configs.d/**/* file_path=/absolute/path/to/repo/tests/fixtures/scenarios/atmos-cli-imports/configs.d/vendor.yaml
DEBU merged config from import import=/absolute/path/to/repo/tests/fixtures/scenarios/atmos-cli-imports/configs.d/**/* file_path=/absolute/path/to/repo/tests/fixtures/scenarios/atmos-cli-imports/configs.d/tools/stack.yml
DEBU merged config from import import=/absolute/path/to/repo/tests/fixtures/scenarios/atmos-cli-imports/configs.d/**/* file_path=/absolute/path/to/repo/tests/fixtures/scenarios/atmos-cli-imports/configs.d/tools/terraform.yaml
DEBU merged config from import import=/absolute/path/to/repo/tests/fixtures/scenarios/atmos-cli-imports/logs.yaml file_path=/absolute/path/to/repo/tests/fixtures/scenarios/atmos-cli-imports/logs.yaml
DEBU processStoreConfig atmosConfig.StoresConfig=map[]
