
# Error                                                                                                                                                                                                                                                                                                                                                                                                                                                                                                                                                                                                                                                                                                                                                                                                                                                                                                                                                                                                                                 
                                                                                                                                                                                                                                                                                                                                                                                                                                                                                                                                                                                                                                                                                                                                                                                                                                                                                                                                                                                                                                        
authentication failed: authentication failed: hierarchical authentication failed: authentication failed: AWS user identity "test-user" authentication failed: authentication failed: failed to get session token: operation error STS: GetSessionToken, https response error StatusCode: 403, RequestID: 1e3e14dc-e5b8-4879-bf34-82ae0e3c531c, api error InvalidClientTokenId: The security token included in the request is invalid.                                                                                                                                                                                                                                                                                                                                                                                                                                                                                                                                                                                                   


