
👽 Atmos test on darwin/arm64

╭──────────────────────────────────────────────────────────────╮
│               Update available! test » 1.191.0               │
│ Atmos Releases: https://github.com/cloudposse/atmos/releases │
│          Install Atmos: https://atmos.tools/install          │
╰──────────────────────────────────────────────────────────────╯
