DEBU Set logs-level=debug logs-file=/dev/stderr
DEBU No TTY detected. Falling back to basic output. This can happen when no terminal is attached or when commands are pipelined.
DEBU Atmos JSON Schema is not configured. Using the default embedded schema
DEBU Validating all YAML files in the folder and all subfolders (excluding template files) folder=stacks
DEBU Skipping imported file (will be processed via parent) file=catalog/account-map.yaml
DEBU Skipping imported file (will be processed via parent) file=catalog/account-settings.yaml
DEBU Skipping imported file (will be processed via parent) file=catalog/account.yaml
DEBU Skipping imported file (will be processed via parent) file=catalog/acm.yaml
DEBU Skipping imported file (will be processed via parent) file=catalog/aws-saml.yaml
DEBU Skipping imported file (will be processed via parent) file=catalog/aws-sso.yaml
DEBU Skipping imported file (will be processed via parent) file=catalog/aws-team-roles.yaml
DEBU Skipping imported file (will be processed via parent) file=catalog/aws-teams.yaml
DEBU Skipping imported file (will be processed via parent) file=catalog/cloudtrail-bucket.yaml
DEBU Skipping imported file (will be processed via parent) file=catalog/cloudtrail.yaml
DEBU Skipping imported file (will be processed via parent) file=catalog/datadog-configuration.yaml
DEBU Skipping imported file (will be processed via parent) file=catalog/datadog-integration.yaml
DEBU Skipping imported file (will be processed via parent) file=catalog/datadog-logs-archive.yaml
DEBU Skipping imported file (will be processed via parent) file=catalog/datadog-monitor.yaml
DEBU Skipping imported file (will be processed via parent) file=catalog/dns-delegated.yaml
DEBU Skipping imported file (will be processed via parent) file=catalog/dns-primary.yaml
DEBU Skipping imported file (will be processed via parent) file=catalog/ecr-public.yaml
DEBU Skipping imported file (will be processed via parent) file=catalog/ecr.yaml
DEBU Skipping imported file (will be processed via parent) file=catalog/github-oidc-provider.yaml
DEBU Skipping imported file (will be processed via parent) file=catalog/gitops.yaml
DEBU Skipping imported file (will be processed via parent) file=catalog/iam-service-linked-roles.yaml
DEBU Skipping imported file (will be processed via parent) file=catalog/ipam.yaml
DEBU Skipping imported file (will be processed via parent) file=catalog/ses.yaml
DEBU Skipping imported file (will be processed via parent) file=catalog/ssosync.yaml
DEBU Skipping imported file (will be processed via parent) file=catalog/test-github-action.yaml
DEBU Skipping imported file (will be processed via parent) file=catalog/tfstate-backend.yaml
DEBU Skipping imported file (will be processed via parent) file=catalog/vpc.yaml
DEBU Skipping imported file (will be processed via parent) file=catalog/waf.yaml
DEBU Skipping imported file (will be processed via parent) file=catalog/argocd/repo/defaults.yaml
DEBU Skipping imported file (will be processed via parent) file=catalog/argocd/repo/cloudposse/defaults.yaml
DEBU Skipping imported file (will be processed via parent) file=catalog/argocd/repo/cloudposse/non-prod.yaml
DEBU Skipping imported file (will be processed via parent) file=catalog/argocd/repo/cloudposse/prod.yaml
DEBU Skipping imported file (will be processed via parent) file=catalog/argocd/repo/cloudposse-examples/defaults.yaml
DEBU Skipping imported file (will be processed via parent) file=catalog/argocd/repo/cloudposse-examples/non-prod.yaml
DEBU Skipping imported file (will be processed via parent) file=catalog/argocd/repo/cloudposse-examples/prod.yaml
DEBU Skipping imported file (will be processed via parent) file=catalog/aurora-postgres/defaults.yaml
DEBU Skipping imported file (will be processed via parent) file=catalog/aws-backup/common.yaml
DEBU Skipping imported file (will be processed via parent) file=catalog/aws-backup/defaults.yaml
DEBU Skipping imported file (will be processed via parent) file=catalog/aws-config/common.yaml
DEBU Skipping imported file (will be processed via parent) file=catalog/config-bucket/defaults.yaml
DEBU Skipping imported file (will be processed via parent) file=catalog/dynamodb/defaults.yaml
DEBU Skipping imported file (will be processed via parent) file=catalog/ec2-client-vpn/customer.yaml
DEBU Skipping imported file (will be processed via parent) file=catalog/ec2-client-vpn/defaults.yaml
DEBU Skipping imported file (will be processed via parent) file=catalog/ecs/cluster.yaml
DEBU Skipping imported file (will be processed via parent) file=catalog/ecs/clusters/defaults.yaml
DEBU Skipping imported file (will be processed via parent) file=catalog/ecs/clusters/dev.yaml
DEBU Skipping imported file (will be processed via parent) file=catalog/ecs-service/defaults.yaml
DEBU Skipping imported file (will be processed via parent) file=catalog/ecs-service/example-app-on-ecs.yaml
DEBU Skipping imported file (will be processed via parent) file=catalog/ecs-service/example-monorepo-bar.yaml
DEBU Skipping imported file (will be processed via parent) file=catalog/ecs-service/example-monorepo-foo.yaml
DEBU Skipping imported file (will be processed via parent) file=catalog/eks/alb-controller-ingress-group.yaml
DEBU Skipping imported file (will be processed via parent) file=catalog/eks/alb-controller.yaml
DEBU Skipping imported file (will be processed via parent) file=catalog/eks/cert-manager.yaml
DEBU Skipping imported file (will be processed via parent) file=catalog/eks/cluster.yaml
DEBU Skipping imported file (will be processed via parent) file=catalog/eks/datadog-agent.yaml
DEBU Skipping imported file (will be processed via parent) file=catalog/eks/efs-controller.yaml
DEBU Skipping imported file (will be processed via parent) file=catalog/eks/efs.yaml
DEBU Skipping imported file (will be processed via parent) file=catalog/eks/external-dns.yaml
DEBU Skipping imported file (will be processed via parent) file=catalog/eks/external-secrets-operator.yaml
DEBU Skipping imported file (will be processed via parent) file=catalog/eks/idp-roles.yaml
DEBU Skipping imported file (will be processed via parent) file=catalog/eks/karpenter-node-pool.yaml
DEBU Skipping imported file (will be processed via parent) file=catalog/eks/karpenter.yaml
DEBU Skipping imported file (will be processed via parent) file=catalog/eks/metrics-server.yaml
DEBU Skipping imported file (will be processed via parent) file=catalog/eks/reloader.yaml
DEBU Skipping imported file (will be processed via parent) file=catalog/eks/storage-class.yaml
DEBU Skipping imported file (will be processed via parent) file=catalog/eks/cluster/mixins/k8s-1-29.yaml
DEBU Skipping imported file (will be processed via parent) file=catalog/eks/platform/default.yaml
DEBU Skipping imported file (will be processed via parent) file=catalog/github-oidc-role/defaults.yaml
DEBU Skipping imported file (will be processed via parent) file=catalog/github-oidc-role/gitops.yaml
DEBU Skipping imported file (will be processed via parent) file=catalog/redshift/analytics.yaml
DEBU Skipping imported file (will be processed via parent) file=catalog/redshift/defaults.yaml
DEBU Skipping imported file (will be processed via parent) file=catalog/redshift-serverless/defaults.yaml
DEBU Skipping imported file (will be processed via parent) file=catalog/runs-on/cloudposse-corp.yaml
DEBU Skipping imported file (will be processed via parent) file=catalog/runs-on/cloudposse-customers.yaml
DEBU Skipping imported file (will be processed via parent) file=catalog/runs-on/cloudposse-sandbox.yaml
DEBU Skipping imported file (will be processed via parent) file=catalog/runs-on/cloudposse.yaml
DEBU Skipping imported file (will be processed via parent) file=catalog/runs-on/defaults.yaml
DEBU Skipping imported file (will be processed via parent) file=catalog/s3-bucket/cloudfront-logs.yaml
DEBU Skipping imported file (will be processed via parent) file=catalog/s3-bucket/defaults.yaml
DEBU Skipping imported file (will be processed via parent) file=catalog/s3-bucket/ecs-tasks-mirror.yaml
DEBU Skipping imported file (will be processed via parent) file=catalog/s3-bucket/github-action-artifacts.yaml
DEBU Skipping imported file (will be processed via parent) file=catalog/s3-bucket/s3-access-logs.yaml
DEBU Skipping imported file (will be processed via parent) file=catalog/s3-bucket/public-artifacts/cloudformation.yaml
DEBU Skipping imported file (will be processed via parent) file=catalog/s3-bucket/public-artifacts/defaults.yaml
DEBU Skipping imported file (will be processed via parent) file=catalog/s3-bucket/public-artifacts/lambda-delegated.yaml
DEBU Skipping imported file (will be processed via parent) file=catalog/s3-bucket/public-artifacts/lambda-primary.yaml
DEBU Skipping imported file (will be processed via parent) file=catalog/s3-bucket/public-artifacts/marketplace-assets.yaml
DEBU Skipping imported file (will be processed via parent) file=catalog/spa-s3-cloudfront/defaults.yaml
DEBU Skipping imported file (will be processed via parent) file=catalog/spa-s3-cloudfront/atmos-docs/defaults.yaml
DEBU Skipping imported file (will be processed via parent) file=catalog/spa-s3-cloudfront/atmos-docs/dev.yaml
DEBU Skipping imported file (will be processed via parent) file=catalog/spa-s3-cloudfront/atmos-docs/prod.yaml
DEBU Skipping imported file (will be processed via parent) file=catalog/spa-s3-cloudfront/cloudposse-docs/defaults.yaml
DEBU Skipping imported file (will be processed via parent) file=catalog/spa-s3-cloudfront/cloudposse-docs/dev.yaml
DEBU Skipping imported file (will be processed via parent) file=catalog/spa-s3-cloudfront/cloudposse-docs/prod.yaml
DEBU Skipping imported file (will be processed via parent) file=catalog/spa-s3-cloudfront/cloudposse-docs/staging.yaml
DEBU Skipping imported file (will be processed via parent) file=catalog/sso-saml/cloudposse-google.yaml
DEBU Skipping imported file (will be processed via parent) file=catalog/sso-saml/defaults.yaml
DEBU Skipping imported file (will be processed via parent) file=catalog/tgw/hub.yaml
DEBU Skipping imported file (will be processed via parent) file=catalog/tgw/spoke.yaml
DEBU Skipping imported file (will be processed via parent) file=mixins/region/ap-northeast-1.yaml
DEBU Skipping imported file (will be processed via parent) file=mixins/region/ap-northeast-2.yaml
DEBU Skipping imported file (will be processed via parent) file=mixins/region/ap-northeast-3.yaml
DEBU Skipping imported file (will be processed via parent) file=mixins/region/ap-south-1.yaml
DEBU Skipping imported file (will be processed via parent) file=mixins/region/ap-southeast-1.yaml
DEBU Skipping imported file (will be processed via parent) file=mixins/region/ap-southeast-2.yaml
DEBU Skipping imported file (will be processed via parent) file=mixins/region/ap-southeast-3.yaml
DEBU Skipping imported file (will be processed via parent) file=mixins/region/ca-central-1.yaml
DEBU Skipping imported file (will be processed via parent) file=mixins/region/eu-central-1.yaml
DEBU Skipping imported file (will be processed via parent) file=mixins/region/eu-north-1.yaml
DEBU Skipping imported file (will be processed via parent) file=mixins/region/eu-west-1.yaml
DEBU Skipping imported file (will be processed via parent) file=mixins/region/eu-west-2.yaml
DEBU Skipping imported file (will be processed via parent) file=mixins/region/eu-west-3.yaml
DEBU Skipping imported file (will be processed via parent) file=mixins/region/global-region.yaml
DEBU Skipping imported file (will be processed via parent) file=mixins/region/sa-east-1.yaml
DEBU Skipping imported file (will be processed via parent) file=mixins/region/us-east-1.yaml
DEBU Skipping imported file (will be processed via parent) file=mixins/region/us-east-2.yaml
DEBU Skipping imported file (will be processed via parent) file=mixins/region/us-west-1.yaml
DEBU Skipping imported file (will be processed via parent) file=mixins/region/us-west-2.yaml
DEBU Skipping imported file (will be processed via parent) file=mixins/stage/analytics.yaml
DEBU Skipping imported file (will be processed via parent) file=mixins/stage/artifacts.yaml
DEBU Skipping imported file (will be processed via parent) file=mixins/stage/audit.yaml
DEBU Skipping imported file (will be processed via parent) file=mixins/stage/auto.yaml
DEBU Skipping imported file (will be processed via parent) file=mixins/stage/corp.yaml
DEBU Skipping imported file (will be processed via parent) file=mixins/stage/dev.yaml
DEBU Skipping imported file (will be processed via parent) file=mixins/stage/dns.yaml
DEBU Skipping imported file (will be processed via parent) file=mixins/stage/identity.yaml
DEBU Skipping imported file (will be processed via parent) file=mixins/stage/marketplace.yaml
DEBU Skipping imported file (will be processed via parent) file=mixins/stage/network.yaml
DEBU Skipping imported file (will be processed via parent) file=mixins/stage/prod.yaml
DEBU Skipping imported file (will be processed via parent) file=mixins/stage/public.yaml
DEBU Skipping imported file (will be processed via parent) file=mixins/stage/root.yaml
DEBU Skipping imported file (will be processed via parent) file=mixins/stage/sandbox.yaml
DEBU Skipping imported file (will be processed via parent) file=mixins/stage/security.yaml
DEBU Skipping imported file (will be processed via parent) file=mixins/stage/staging.yaml
DEBU Skipping imported file (will be processed via parent) file=orgs/cplive/_defaults.yaml
DEBU Skipping imported file (will be processed via parent) file=orgs/cplive/core/_defaults.yaml
DEBU Skipping imported file (will be processed via parent) file=orgs/cplive/core/analytics/_defaults.yaml
DEBU Skipping imported file (will be processed via parent) file=orgs/cplive/core/artifacts/_defaults.yaml
DEBU Skipping imported file (will be processed via parent) file=orgs/cplive/core/audit/_defaults.yaml
DEBU Skipping imported file (will be processed via parent) file=orgs/cplive/core/auto/_defaults.yaml
DEBU Skipping imported file (will be processed via parent) file=orgs/cplive/core/corp/_defaults.yaml
DEBU Skipping imported file (will be processed via parent) file=orgs/cplive/core/dns/_defaults.yaml
DEBU Skipping imported file (will be processed via parent) file=orgs/cplive/core/identity/_defaults.yaml
DEBU Skipping imported file (will be processed via parent) file=orgs/cplive/core/marketplace/_defaults.yaml
DEBU Skipping imported file (will be processed via parent) file=orgs/cplive/core/network/_defaults.yaml
DEBU Skipping imported file (will be processed via parent) file=orgs/cplive/core/public/_defaults.yaml
DEBU Skipping imported file (will be processed via parent) file=orgs/cplive/core/root/_defaults.yaml
DEBU Skipping imported file (will be processed via parent) file=orgs/cplive/core/security/_defaults.yaml
DEBU Skipping imported file (will be processed via parent) file=orgs/cplive/plat/_defaults.yaml
DEBU Skipping imported file (will be processed via parent) file=orgs/cplive/plat/dev/_defaults.yaml
DEBU Skipping imported file (will be processed via parent) file=orgs/cplive/plat/prod/_defaults.yaml
DEBU Skipping imported file (will be processed via parent) file=orgs/cplive/plat/sandbox/_defaults.yaml
DEBU Skipping imported file (will be processed via parent) file=orgs/cplive/plat/staging/_defaults.yaml
INFO All stacks validated successfully
DEBU Telemetry is disabled, skipping capture
