Executing command: `atmos terraform plan idontexist`

# Error

Could not find the component 'idontexist' in the stack 'prod'. Check that all the context variables are correctly defined in the stack manifests. Are the component and stack names correct? Did you forget an import?



# Workflow Error

workflow step execution failed

## Explanation

The following command failed to execute:

 atmos terraform plan idontexist -s prod

## Hints

💡 To resume the workflow from this step, run:

 atmos workflow fail-with-stack -f test --from-step step1 -s prod



# Error

workflow step execution failed


