account
account-map
account-settings
acm
acm/analytics
acm/default-b2b
acm/defaults
acm/slack
argocd-deploy-non-prod
argocd-deploy-non-prod/cloudposse-examples
argocd-deploy-prod
argocd-deploy-prod/cloudposse-examples
argocd-repo/cloudposse-defaults
argocd-repo/cloudposse-examples-defaults
argocd-repo/defaults
atmos-docs-site-spa
aws-backup
aws-backup-common
aws-backup-daily-plan
aws-backup-monthly-plan
aws-backup-plan-defaults
aws-backup-weekly-plan
aws-config-an1
aws-config-an2
aws-config-an3
aws-config-as0
aws-config-as1
aws-config-as2
aws-config-cc1
aws-config-ec1
aws-config-en1
aws-config-ew1
aws-config-ew2
aws-config-ew3
aws-config-se1
aws-config-ue1
aws-config-ue2
aws-config-uw1
aws-config-uw2
aws-saml
aws-sso
aws-team-roles
aws-teams
cloudfront-logs
cloudposse-docs-site-spa
cloudtrail
cloudtrail-bucket
config-bucket
datadog-configuration
datadog-integration
datadog-logs-archive
datadog-monitor
dns-delegated
dns-primary
dynamodb/defaults
ec2-client-vpn
ec2-client-vpn/customer
ecr
ecr-public
ecs-service/example-app-on-ecs
ecs-service/example-app-on-ecs/qa1
ecs-service/example-app-on-ecs/qa2
ecs-service/example-monorepo-bar
ecs-service/example-monorepo-foo
ecs-services/defaults
ecs/cluster
ecs/defaults
ecs/platform/acm
ecs/platform/echoserver/service
github-action-artifacts
github-oidc-provider
github-oidc-role/defaults
github-oidc-role/gitops
gitops/dynamodb
gitops/s3-bucket
iam-service-linked-roles
ipam
lambda-artifacts
marketplace-assets
public-artifacts
rds/metabase
rds/warehouse
rds/warehouse-mysql
redshift
redshift-defaults
runs-on
runs-on/cloudposse
runs-on/cloudposse-corp
runs-on/cloudposse-customers
runs-on/cloudposse-sandbox
s3-access-logs
s3-bucket-defaults
s3-bucket/cloudformation
s3-bucket/ecs-tasks-mirror
ses
spa-s3-cloudfront-defaults
sso-saml-provider
sso-saml/cloudposse-examples/google
sso-saml/cloudposse/google
ssosync
test-github-action
tfstate-core
tfstate-plat
tgw/hub
tgw/spoke
tgw/spoke-defaults
vpc
vpc-no-provider
vpc/defaults
waf
:4
