   Set logs-level=debug logs-file=/dev/stderr
   atmos merged config path=/absolute/path/to/repo/tests/fixtures/scenarios/atmos-configuration/atmos.d/commands.yaml
   atmos merged config path=/absolute/path/to/repo/tests/fixtures/scenarios/atmos-configuration/atmos.d/logs.yaml
   atmos merged config path=/absolute/path/to/repo/tests/fixtures/scenarios/atmos-configuration/atmos.d/tools/helmfile.yml
   atmos merged config path=/absolute/path/to/repo/tests/fixtures/scenarios/atmos-configuration/atmos.d/tools/stack.yaml
   atmos merged config path=/absolute/path/to/repo/tests/fixtures/scenarios/atmos-configuration/atmos.d/tools/terraform.yaml
   atmos merged config path=/absolute/path/to/repo/tests/fixtures/scenarios/atmos-configuration/atmos.d/commands.yaml
   atmos merged config path=/absolute/path/to/repo/tests/fixtures/scenarios/atmos-configuration/atmos.d/logs.yaml
   atmos merged config path=/absolute/path/to/repo/tests/fixtures/scenarios/atmos-configuration/atmos.d/tools/helmfile.yml
   atmos merged config path=/absolute/path/to/repo/tests/fixtures/scenarios/atmos-configuration/atmos.d/tools/stack.yaml
   atmos merged config path=/absolute/path/to/repo/tests/fixtures/scenarios/atmos-configuration/atmos.d/tools/terraform.yaml
   Failed to use pager
   atmos merged config path=/absolute/path/to/repo/tests/fixtures/scenarios/atmos-configuration/atmos.d/commands.yaml
   atmos merged config path=/absolute/path/to/repo/tests/fixtures/scenarios/atmos-configuration/atmos.d/logs.yaml
   atmos merged config path=/absolute/path/to/repo/tests/fixtures/scenarios/atmos-configuration/atmos.d/tools/helmfile.yml
   atmos merged config path=/absolute/path/to/repo/tests/fixtures/scenarios/atmos-configuration/atmos.d/tools/stack.yaml
   atmos merged config path=/absolute/path/to/repo/tests/fixtures/scenarios/atmos-configuration/atmos.d/tools/terraform.yaml
   atmos merged config path=/absolute/path/to/repo/tests/fixtures/scenarios/atmos-configuration/atmos.d/commands.yaml
   atmos merged config path=/absolute/path/to/repo/tests/fixtures/scenarios/atmos-configuration/atmos.d/logs.yaml
   atmos merged config path=/absolute/path/to/repo/tests/fixtures/scenarios/atmos-configuration/atmos.d/tools/helmfile.yml
   atmos merged config path=/absolute/path/to/repo/tests/fixtures/scenarios/atmos-configuration/atmos.d/tools/stack.yaml
   atmos merged config path=/absolute/path/to/repo/tests/fixtures/scenarios/atmos-configuration/atmos.d/tools/terraform.yaml
   Telemetry event captured
