
**Notice:** Telemetry Enabled - Atmos now collects anonymous telemetry regarding usage. This information is used to shape the Atmos roadmap and prioritize features. You can learn more, including how to opt out if you'd prefer not to participate in this anonymous program, by visiting: https://atmos.tools/cli/telemetry

# Error

**Error:** invalid component

## Explanation

Could not find the component stacks in the stack tenant1-ue2-dev. Check that all
the context variables are correctly defined in the stack manifests. Are the
component and stack names correct? Did you forget an import?


