
👽 test linux/amd64

Generate and manage Atlantis configurations that use Atmos under the hood to run Terraform workflows, bringing the power of Atmos to Atlantis for streamlined infrastructure automation.

USAGE


    $ atmos atlantis [sub-command] [flags]


BUILT-IN COMMANDS

      generate [command]  Generate Atlantis configuration files

FLAGS

      --      Use double dashes to separate Atmos-specific options from native arguments and flags for the command.

  -h, --help  help for atlantis



Use atmos atlantis [command] --help for more information about a command.

Use --help=usage for examples or --help=all for all flags and full help.
