DEBU Set logs-level=debug logs-file=/dev/stderr

**Notice:** Telemetry Enabled - Atmos now collects anonymous telemetry regarding usage. This information is used to shape the Atmos roadmap and prioritize features. You can learn more, including how to opt out if you'd prefer not to participate in this anonymous program, by visiting: https://atmos.tools/cli/telemetry
DEBU Vendor config file not found file=vendor
DEBU No TTY detected. Falling back to basic output. This can happen when no terminal is attached or when commands are pipelined.
DEBU CustomGitDetector.Detect called
DEBU Rewriting SCP-style SSH URL old_url="" new_url="ssh://***@github.com/cloudposse/atmos.git//examples/demo-library/ipinfo?ref=main"
DEBU Reading config param InjectGithubToken=true
DEBU Injected token env=ATMOS_GITHUB_TOKEN url="ssh://***:***@github.com/cloudposse/atmos.git//examples/demo-library/ipinfo?ref=main"
DEBU Final transformation url="git::ssh://***:***@github.com/cloudposse/atmos.git//examples/demo-library/ipinfo?depth=1&ref=main"
INFO ✓ package=ipinfo version=(main)
INFO Done! Dry run completed. No components vendored
INFO Vendored components success=1
DEBU Telemetry event enqueued
