
# Error                                                                                                                                                                                                                                                                                                                                                                                                                                                                                                                                                                                                                                                                                                                                                                                                                                                                                                                                                                                                                                 
                                                                                                                                                                                                                                                                                                                                                                                                                                                                                                                                                                                                                                                                                                                                                                                                                                                                                                                                                                                                                                        
authentication failed: authentication failed: hierarchical authentication failed: authentication failed: AWS user identity "test-user" authentication failed: authentication failed: failed to get session token: operation error STS: GetSessionToken, https response error StatusCode: 403, RequestID: 1e069a33-f83b-4c6b-a318-90a938523689, api error InvalidClientTokenId: The security token included in the request is invalid.                                                                                                                                                                                                                                                                                                                                                                                                                                                                                                                                                                                                   


