DEBU Set logs-level=debug logs-file=/dev/stderr
DEBU Found config ENV ATMOS_CLI_CONFIG_PATH=/absolute/path/to/repo/tests/fixtures/scenarios/atmos-configuration
DEBU Found config ENV ATMOS_CLI_CONFIG_PATH=/absolute/path/to/repo/tests/fixtures/scenarios/atmos-configuration
DEBU Found config ENV ATMOS_CLI_CONFIG_PATH=/absolute/path/to/repo/tests/fixtures/scenarios/atmos-configuration
DEBU Found config ENV ATMOS_CLI_CONFIG_PATH=/absolute/path/to/repo/tests/fixtures/scenarios/atmos-configuration
DEBU Found config ENV ATMOS_CLI_CONFIG_PATH=/absolute/path/to/repo/tests/fixtures/scenarios/atmos-configuration
DEBU Telemetry is disabled, skipping capture
