
# Error                                                                                                                                                                                                                                                                                                                                                                                                                                                                                                                                                                                                                                                                                                                                                                                                                                                                                                                                                                                                                                 
                                                                                                                                                                                                                                                                                                                                                                                                                                                                                                                                                                                                                                                                                                                                                                                                                                                                                                                                                                                                                                        
authentication failed: authentication failed: hierarchical authentication failed: authentication failed: AWS user identity "test-user" authentication failed: authentication failed: failed to get session token: operation error STS: GetSessionToken, https response error StatusCode: 403, RequestID: 31f94360-ca05-449f-be50-4ca4384dd766, api error InvalidClientTokenId: The security token included in the request is invalid.                                                                                                                                                                                                                                                                                                                                                                                                                                                                                                                                                                                                   


