
# Error                                                                                                                                                                                                                                                                                                                                                                                                                                                                                                                                                                                                                                                                                                                                                                                                                                                                                                                                                                                                                                 
                                                                                                                                                                                                                                                                                                                                                                                                                                                                                                                                                                                                                                                                                                                                                                                                                                                                                                                                                                                                                                        
authentication failed: authentication failed: hierarchical authentication failed: authentication failed: AWS user identity "test-user" authentication failed: authentication failed: failed to get session token: operation error STS: GetSessionToken, https response error StatusCode: 403, RequestID: fa3889c8-cd66-4597-8ff3-5d1348f821da, api error InvalidClientTokenId: The security token included in the request is invalid.                                                                                                                                                                                                                                                                                                                                                                                                                                                                                                                                                                                                   


